[unbouncepages.com/everest-production-integrated-company-li/index.html]
[backblue.gif]
[fade.gif]
[index.html]
[d9hhrg4mnvzow.cloudfront.net/unbouncepages.com/everest-production-integrated-company-li/1abee5e8-3_08z0by06k0by01700001o.jpg]
[d9hhrg4mnvzow.cloudfront.net/unbouncepages.com/everest-production-integrated-company-li/cb6d6f4a-1_06p0bx06m0bx00100001o.jpg]
[d9hhrg4mnvzow.cloudfront.net/unbouncepages.com/everest-production-integrated-company-li/7e0afa56-11_08y0bx06i0bx01700001o.jpg]
[d9hhrg4mnvzow.cloudfront.net/unbouncepages.com/everest-production-integrated-company-li/6aec4571-5e7a30aeb89fb_0n10fc0mh0fc009000001.png]
[d9hhrg4mnvzow.cloudfront.net/unbouncepages.com/everest-production-integrated-company-li/f7b768fb-img-20200324-wa0008_08f09o05e09o01i00001o.jpg]
[d9hhrg4mnvzow.cloudfront.net/unbouncepages.com/everest-production-integrated-company-li/cc4307de-img-20200324-wa0007_09o09o05e09o02500001o.jpg]
[d9hhrg4mnvzow.cloudfront.net/unbouncepages.com/everest-production-integrated-company-li/23e3bf78-img-20200323-wa0014_07909o05e09o00x00001o.jpg]
[d9hhrg4mnvzow.cloudfront.net/unbouncepages.com/everest-production-integrated-company-li/daecb572-img-20200324-wa0005_07909o05e09o00x00001o.jpg]
[d9hhrg4mnvzow.cloudfront.net/unbouncepages.com/everest-production-integrated-company-li/a31501a9-img-20200324-wa0004_07909o05e09o00x00001o.jpg]
[d9hhrg4mnvzow.cloudfront.net/unbouncepages.com/everest-production-integrated-company-li/7f9522bc-img-20200324-wa0003_07909o05e09o00x00001o.jpg]
[d9hhrg4mnvzow.cloudfront.net/unbouncepages.com/everest-production-integrated-company-li/b94d9667-img-20200324-wa0002_0cw09o05e09o03r00001o.jpg]
[d9hhrg4mnvzow.cloudfront.net/unbouncepages.com/everest-production-integrated-company-li/88bba220-img-20200324-wa0001_07909o05e09o00x00001o.jpg]
[d9hhrg4mnvzow.cloudfront.net/unbouncepages.com/everest-production-integrated-company-li/b648549e-img-20200324-wa0012_05e0as05e09o00000k01o.jpg]
[d9hhrg4mnvzow.cloudfront.net/unbouncepages.com/everest-production-integrated-company-li/ce740d2f-img-20200324-wa0009_07909o05e09o00x00001o.jpg]
[d9hhrg4mnvzow.cloudfront.net/unbouncepages.com/everest-production-integrated-company-li/7e0afa56-11_07909o05e09o00x00001o.jpg]
[d9hhrg4mnvzow.cloudfront.net/unbouncepages.com/everest-production-integrated-company-li/fc0ad3b4-img-20200324-wa0010_07909o05e09o00x00001o.jpg]
[d9hhrg4mnvzow.cloudfront.net/unbouncepages.com/everest-production-integrated-company-li/95e4175f-5e7a2d0f9ea21_0000000sg0bv00004i001.png]
[d9hhrg4mnvzow.cloudfront.net/unbouncepages.com/everest-production-integrated-company-li/1abee5e8-3_0hx0nw0d40nw02e00001o.jpg]
[d9hhrg4mnvzow.cloudfront.net/unbouncepages.com/everest-production-integrated-company-li/cb6d6f4a-1_0df0nu0d80nu00200001o.jpg]
[d9hhrg4mnvzow.cloudfront.net/unbouncepages.com/everest-production-integrated-company-li/7e0afa56-11_0hw0nu0d00nu02e00001o.jpg]
[d9hhrg4mnvzow.cloudfront.net/unbouncepages.com/everest-production-integrated-company-li/6aec4571-5e7a30aeb89fb_0000000rs0iy00b000001.png]
[d9hhrg4mnvzow.cloudfront.net/unbouncepages.com/everest-production-integrated-company-li/f7b768fb-img-20200324-wa0008_0gt0jc0as0jc03000001o.jpg]
[d9hhrg4mnvzow.cloudfront.net/unbouncepages.com/everest-production-integrated-company-li/cc4307de-img-20200324-wa0007_00000009x0hs03y00001o.jpg]
[d9hhrg4mnvzow.cloudfront.net/unbouncepages.com/everest-production-integrated-company-li/23e3bf78-img-20200323-wa0014_0ei0jc0as0jc01u00001o.jpg]
[d9hhrg4mnvzow.cloudfront.net/unbouncepages.com/everest-production-integrated-company-li/daecb572-img-20200324-wa0005_0eh0jc0as0jc01u00001o.jpg]
[d9hhrg4mnvzow.cloudfront.net/unbouncepages.com/everest-production-integrated-company-li/a31501a9-img-20200324-wa0004_0ei0jc0as0jc01u00001o.jpg]
[d9hhrg4mnvzow.cloudfront.net/unbouncepages.com/everest-production-integrated-company-li/7f9522bc-img-20200324-wa0003_0eh0jc0as0jc01u00001o.jpg]
[d9hhrg4mnvzow.cloudfront.net/unbouncepages.com/everest-production-integrated-company-li/b94d9667-img-20200324-wa0002_00000007g0dc05600001o.jpg]
[d9hhrg4mnvzow.cloudfront.net/unbouncepages.com/everest-production-integrated-company-li/88bba220-img-20200324-wa0001_0ei0jc0as0jc01u00001o.jpg]
[d9hhrg4mnvzow.cloudfront.net/unbouncepages.com/everest-production-integrated-company-li/b648549e-img-20200324-wa0012_0as0lk0as0jc00001401o.jpg]
[d9hhrg4mnvzow.cloudfront.net/unbouncepages.com/everest-production-integrated-company-li/ce740d2f-img-20200324-wa0009_0ei0jc0as0jc01u00001o.jpg]
[d9hhrg4mnvzow.cloudfront.net/unbouncepages.com/everest-production-integrated-company-li/7e0afa56-11_0ei0jc0as0jc01u00001o.jpg]
[d9hhrg4mnvzow.cloudfront.net/unbouncepages.com/everest-production-integrated-company-li/fc0ad3b4-img-20200324-wa0010_0ei0jc0as0jc01u00001o.jpg]
[d9hhrg4mnvzow.cloudfront.net/unbouncepages.com/everest-production-integrated-company-li/1abee5e8-3_0000000gh0u003000001o.jpg]
[d9hhrg4mnvzow.cloudfront.net/unbouncepages.com/everest-production-integrated-company-li/cb6d6f4a-1_0000000et0qo00200001o.jpg]
[d9hhrg4mnvzow.cloudfront.net/unbouncepages.com/everest-production-integrated-company-li/7e0afa56-11_0000000gd0u003000001o.jpg]
[d9hhrg4mnvzow.cloudfront.net/unbouncepages.com/everest-production-integrated-company-li/f7b768fb-img-20200324-wa0008_0000000cu0n003k00001o.jpg]
[d9hhrg4mnvzow.cloudfront.net/unbouncepages.com/everest-production-integrated-company-li/23e3bf78-img-20200323-wa0014_0lr0t00g60t002r00001o.jpg]
[d9hhrg4mnvzow.cloudfront.net/unbouncepages.com/everest-production-integrated-company-li/daecb572-img-20200324-wa0005_0lq0t00g60t002r00001o.jpg]
[d9hhrg4mnvzow.cloudfront.net/unbouncepages.com/everest-production-integrated-company-li/a31501a9-img-20200324-wa0004_0lr0t00g60t002r00001o.jpg]
[d9hhrg4mnvzow.cloudfront.net/unbouncepages.com/everest-production-integrated-company-li/7f9522bc-img-20200324-wa0003_0lq0t00g60t002r00001o.jpg]
[d9hhrg4mnvzow.cloudfront.net/unbouncepages.com/everest-production-integrated-company-li/88bba220-img-20200324-wa0001_0000000g40sw02r00001o.jpg]
[d9hhrg4mnvzow.cloudfront.net/unbouncepages.com/everest-production-integrated-company-li/b648549e-img-20200324-wa0012_0000000f00qx00001k01o.jpg]
[d9hhrg4mnvzow.cloudfront.net/unbouncepages.com/everest-production-integrated-company-li/ce740d2f-img-20200324-wa0009_0000000g40sw02r00001o.jpg]
[d9hhrg4mnvzow.cloudfront.net/unbouncepages.com/everest-production-integrated-company-li/7e0afa56-11_0lr0t00g60t002r00001o.jpg]
[d9hhrg4mnvzow.cloudfront.net/unbouncepages.com/everest-production-integrated-company-li/fc0ad3b4-img-20200324-wa0010_0000000g40sw02r00001o.jpg]
[d9hhrg4mnvzow.cloudfront.net/unbouncepages.com/everest-production-integrated-company-li/95e4175f-5e7a2d0f9ea21_0go0c9000000000000001.png]
[d9hhrg4mnvzow.cloudfront.net/unbouncepages.com/everest-production-integrated-company-li/7e0afa56-11_05i07c03x07c00s00001o.jpg]
[d9hhrg4mnvzow.cloudfront.net/unbouncepages.com/everest-production-integrated-company-li/6aec4571-5e7a30aeb89fb_09b06707s06700r000001.png]
[d9hhrg4mnvzow.cloudfront.net/unbouncepages.com/everest-production-integrated-company-li/f7b768fb-img-20200324-wa0008_03m04602i04600k00001o.jpg]
[d9hhrg4mnvzow.cloudfront.net/unbouncepages.com/everest-production-integrated-company-li/cc4307de-img-20200324-wa0007_04604602i04600u00001o.jpg]
[d9hhrg4mnvzow.cloudfront.net/unbouncepages.com/everest-production-integrated-company-li/23e3bf78-img-20200323-wa0014_03504602i04600b00001o.jpg]
[d9hhrg4mnvzow.cloudfront.net/unbouncepages.com/everest-production-integrated-company-li/daecb572-img-20200324-wa0005_03404602i04600b00001o.jpg]
[d9hhrg4mnvzow.cloudfront.net/unbouncepages.com/everest-production-integrated-company-li/a31501a9-img-20200324-wa0004_03504602i04600b00001o.jpg]
[d9hhrg4mnvzow.cloudfront.net/unbouncepages.com/everest-production-integrated-company-li/7f9522bc-img-20200324-wa0003_03404602i04600b00001o.jpg]
[d9hhrg4mnvzow.cloudfront.net/unbouncepages.com/everest-production-integrated-company-li/b94d9667-img-20200324-wa0002_05k04602i04601j00001o.jpg]
[d9hhrg4mnvzow.cloudfront.net/unbouncepages.com/everest-production-integrated-company-li/88bba220-img-20200324-wa0001_03504602i04600b00001o.jpg]
[d9hhrg4mnvzow.cloudfront.net/unbouncepages.com/everest-production-integrated-company-li/b648549e-img-20200324-wa0012_02i05002i04600000f01o.jpg]
[d9hhrg4mnvzow.cloudfront.net/unbouncepages.com/everest-production-integrated-company-li/ce740d2f-img-20200324-wa0009_03504602i04600b00001o.jpg]
[d9hhrg4mnvzow.cloudfront.net/unbouncepages.com/everest-production-integrated-company-li/7e0afa56-11_03504602i04600b00001o.jpg]
[d9hhrg4mnvzow.cloudfront.net/unbouncepages.com/everest-production-integrated-company-li/fc0ad3b4-img-20200324-wa0010_03504602i04600b00001o.jpg]
[d9hhrg4mnvzow.cloudfront.net/unbouncepages.com/everest-production-integrated-company-li/95e4175f-5e7a2d0f9ea21_000000000000000000001.png]
[d9hhrg4mnvzow.cloudfront.net/unbouncepages.com/everest-production-integrated-company-li/7e0afa56-11_0b00eo07u0eo01k00001o.jpg]
[d9hhrg4mnvzow.cloudfront.net/unbouncepages.com/everest-production-integrated-company-li/6aec4571-5e7a30aeb89fb_0im0ce0fk0ce01i000001.png]
[d9hhrg4mnvzow.cloudfront.net/unbouncepages.com/everest-production-integrated-company-li/f7b768fb-img-20200324-wa0008_07908c05008c01400001o.jpg]
[d9hhrg4mnvzow.cloudfront.net/unbouncepages.com/everest-production-integrated-company-li/cc4307de-img-20200324-wa0007_08c08c05008c01o00001o.jpg]
[d9hhrg4mnvzow.cloudfront.net/unbouncepages.com/everest-production-integrated-company-li/23e3bf78-img-20200323-wa0014_06908c05008c00m00001o.jpg]
[d9hhrg4mnvzow.cloudfront.net/unbouncepages.com/everest-production-integrated-company-li/daecb572-img-20200324-wa0005_06908c05008c00m00001o.jpg]
[d9hhrg4mnvzow.cloudfront.net/unbouncepages.com/everest-production-integrated-company-li/a31501a9-img-20200324-wa0004_06908c05008c00m00001o.jpg]
[d9hhrg4mnvzow.cloudfront.net/unbouncepages.com/everest-production-integrated-company-li/7f9522bc-img-20200324-wa0003_06908c05008c00m00001o.jpg]
[d9hhrg4mnvzow.cloudfront.net/unbouncepages.com/everest-production-integrated-company-li/b94d9667-img-20200324-wa0002_0b408c05008c03200001o.jpg]
[d9hhrg4mnvzow.cloudfront.net/unbouncepages.com/everest-production-integrated-company-li/88bba220-img-20200324-wa0001_06908c05008c00m00001o.jpg]
[d9hhrg4mnvzow.cloudfront.net/unbouncepages.com/everest-production-integrated-company-li/b648549e-img-20200324-wa0012_0500a005008c00000u01o.jpg]
[d9hhrg4mnvzow.cloudfront.net/unbouncepages.com/everest-production-integrated-company-li/ce740d2f-img-20200324-wa0009_06908c05008c00m00001o.jpg]
[d9hhrg4mnvzow.cloudfront.net/unbouncepages.com/everest-production-integrated-company-li/7e0afa56-11_06908c05008c00m00001o.jpg]
[d9hhrg4mnvzow.cloudfront.net/unbouncepages.com/everest-production-integrated-company-li/fc0ad3b4-img-20200324-wa0010_06908c05008c00m00001o.jpg]
[d9hhrg4mnvzow.cloudfront.net/unbouncepages.com/everest-production-integrated-company-li/7e0afa56-11_0gi0m00br0m002c00001o.jpg]
[d9hhrg4mnvzow.cloudfront.net/unbouncepages.com/everest-production-integrated-company-li/6aec4571-5e7a30aeb89fb_0rw0il0nc0il029000001.png]
[d9hhrg4mnvzow.cloudfront.net/unbouncepages.com/everest-production-integrated-company-li/f7b768fb-img-20200324-wa0008_0av0ci07i0ci01o00001o.jpg]
[d9hhrg4mnvzow.cloudfront.net/unbouncepages.com/everest-production-integrated-company-li/cc4307de-img-20200324-wa0007_0ci0ci07i0ci02i00001o.jpg]
[d9hhrg4mnvzow.cloudfront.net/unbouncepages.com/everest-production-integrated-company-li/23e3bf78-img-20200323-wa0014_09e0ci07i0ci00x00001o.jpg]
[d9hhrg4mnvzow.cloudfront.net/unbouncepages.com/everest-production-integrated-company-li/daecb572-img-20200324-wa0005_09d0ci07i0ci00x00001o.jpg]
[d9hhrg4mnvzow.cloudfront.net/unbouncepages.com/everest-production-integrated-company-li/a31501a9-img-20200324-wa0004_09e0ci07i0ci00x00001o.jpg]
[d9hhrg4mnvzow.cloudfront.net/unbouncepages.com/everest-production-integrated-company-li/7f9522bc-img-20200324-wa0003_09d0ci07i0ci00x00001o.jpg]
[d9hhrg4mnvzow.cloudfront.net/unbouncepages.com/everest-production-integrated-company-li/b94d9667-img-20200324-wa0002_0go0ci07i0ci04l00001o.jpg]
[d9hhrg4mnvzow.cloudfront.net/unbouncepages.com/everest-production-integrated-company-li/88bba220-img-20200324-wa0001_09e0ci07i0ci00x00001o.jpg]
[d9hhrg4mnvzow.cloudfront.net/unbouncepages.com/everest-production-integrated-company-li/b648549e-img-20200324-wa0012_07i0f007i0ci00001901o.jpg]
[d9hhrg4mnvzow.cloudfront.net/unbouncepages.com/everest-production-integrated-company-li/ce740d2f-img-20200324-wa0009_09e0ci07i0ci00x00001o.jpg]
[d9hhrg4mnvzow.cloudfront.net/unbouncepages.com/everest-production-integrated-company-li/7e0afa56-11_09e0ci07i0ci00x00001o.jpg]
[d9hhrg4mnvzow.cloudfront.net/unbouncepages.com/everest-production-integrated-company-li/fc0ad3b4-img-20200324-wa0010_09e0ci07i0ci00x00001o.jpg]
[builder-assets.unbounce.com/published-css/main-7b78720.z.css]
[d9hhrg4mnvzow.cloudfront.net/unbouncepages.com/everest-production-integrated-company-li/transparent.gif]
[d9hhrg4mnvzow.cloudfront.net/unbouncepages.com/everest-production-integrated-company-li/23e3bf78-img-20200323-wa0014_00000006h0p500s02w01o.jpg]
[unbouncepages.com/everest-production-integrated-company-li/index.html]
[builder-assets.unbounce.com/published-js/main.bundle-81f56cf.z.js]
[builder-assets.unbounce.com/published-css/main-7b78720.z.css]
[builder-assets.unbounce.com/images/transparent.gif]
